17:51:33 **** Build of configuration Debug for project 001_HelloWorld ****
make -j8 all 
arm-none-eabi-gcc -mcpu=cortex-m4 -g3 -DDEBUG -c -x assembler-with-cpp -MMD -MP -MF"Startup/startup_stm32f446retx.d" -MT"Startup/startup_stm32f446retx.o" --specs=nano.specs -mfloat-abi=soft -mthumb -o "Startup/startup_stm32f446retx.o" "../Startup/startup_stm32f446retx.s"
arm-none-eabi-gcc "../Src/main.c" -mcpu=cortex-m4 -std=gnu11 -g3 -DDEBUG -DSTM32 -DSTM32F4 -DSTM32F446RETx -DNUCLEO_F446RE -c -I../Inc -O0 -ffunction-sections -fdata-sections -Wall -fstack-usage -MMD -MP -MF"Src/main.d" -MT"Src/main.o" --specs=nano.specs -mfloat-abi=soft -mthumb -o "Src/main.o"
arm-none-eabi-gcc "../Src/syscalls.c" -mcpu=cortex-m4 -std=gnu11 -g3 -DDEBUG -DSTM32 -DSTM32F4 -DSTM32F446RETx -DNUCLEO_F446RE -c -I../Inc -O0 -ffunction-sections -fdata-sections -Wall -fstack-usage -MMD -MP -MF"Src/syscalls.d" -MT"Src/syscalls.o" --specs=nano.specs -mfloat-abi=soft -mthumb -o "Src/syscalls.o"
arm-none-eabi-gcc "../Src/sysmem.c" -mcpu=cortex-m4 -std=gnu11 -g3 -DDEBUG -DSTM32 -DSTM32F4 -DSTM32F446RETx -DNUCLEO_F446RE -c -I../Inc -O0 -ffunction-sections -fdata-sections -Wall -fstack-usage -MMD -MP -MF"Src/sysmem.d" -MT"Src/sysmem.o" --specs=nano.specs -mfloat-abi=soft -mthumb -o "Src/sysmem.o"
arm-none-eabi-gcc -o "001_HelloWorld.elf" @"objects.list"   -mcpu=cortex-m4 -T"D:\Workplace\dev\Udemy Arm Course repo\ARM-course-study-repository\_Workspaces\ws1\001_HelloWorld\STM32F446RETX_FLASH.ld" --specs=nosys.specs -Wl,-Map="001_HelloWorld.map" -Wl,--gc-sections -static --specs=nano.specs -mfloat-abi=soft -mthumb -Wl,--start-group -lc -lm -Wl,--end-group
Finished building target: 001_HelloWorld.elf
 
arm-none-eabi-size   001_HelloWorld.elf 
arm-none-eabi-objdump -h -S  001_HelloWorld.elf  > "001_HelloWorld.list"
arm-none-eabi-objcopy  -O binary  001_HelloWorld.elf  "001_HelloWorld.bin"
   text	   data	    bss	    dec	    hex	filename
   3688	    108	   1596	   5392	   1510	001_HelloWorld.elf
Finished building: default.size.stdout
 
Finished building: 001_HelloWorld.bin
Finished building: 001_HelloWorld.list
 
 
17:54:21 **** Incremental Build of configuration Debug for project 001_HelloWorld ****
make -j8 all 
arm-none-eabi-size   001_HelloWorld.elf 
   text	   data	    bss	    dec	    hex	filename
   3688	    108	   1596	   5392	   1510	001_HelloWorld.elf
Finished building: default.size.stdout
 
17:56:48 **** Incremental Build of configuration Debug for project 001_HelloWorld ****
make -j8 all 
arm-none-eabi-size   001_HelloWorld.elf 
   text	   data	    bss	    dec	    hex	filename
   3688	    108	   1596	   5392	   1510	001_HelloWorld.elf
Finished building: default.size.stdout
 
17:59:51 **** Incremental Build of configuration Debug for project 001_HelloWorld ****
make -j8 all 
arm-none-eabi-size   001_HelloWorld.elf 
   text	   data	    bss	    dec	    hex	filename
   3688	    108	   1596	   5392	   1510	001_HelloWorld.elf
Finished building: default.size.stdout
 
