23:47:29 **** Incremental Build of configuration Debug for project STM32F4xx_drivers ****
make -j8 all 
arm-none-eabi-gcc "../drivers/src/stm32f466xx_gpio_driver.c" -mcpu=cortex-m4 -std=gnu11 -g3 -DDEBUG -DSTM32 -DSTM32F4 -DSTM32F446RETx -DNUCLEO_F446RE -c -I../Inc -I"D:/Workplace/dev/Udemy Arm Course repo/ARM-course-study-repository/_Workspaces/ws1/STM32F4xx_drivers/drivers/inc" -O0 -ffunction-sections -fdata-sections -Wall -fstack-usage -MMD -MP -MF"drivers/src/stm32f466xx_gpio_driver.d" -MT"drivers/src/stm32f466xx_gpio_driver.o" --specs=nano.specs -mfloat-abi=soft -mthumb -o "drivers/src/stm32f466xx_gpio_driver.o"
../drivers/src/stm32f466xx_gpio_driver.c: In function 'DRV_GPIO_PinRead':
../drivers/src/stm32f466xx_gpio_driver.c:172:1: warning: control reaches end of non-void function [-Wreturn-type]
  172 | }
      | ^
../drivers/src/stm32f466xx_gpio_driver.c: In function 'DRV_GPIO_PortRead':
../drivers/src/stm32f466xx_gpio_driver.c:190:1: warning: control reaches end of non-void function [-Wreturn-type]
  190 | }
      | ^
arm-none-eabi-gcc -o "STM32F4xx_drivers.elf" @"objects.list"   -mcpu=cortex-m4 -T"D:\Workplace\dev\Udemy Arm Course repo\ARM-course-study-repository\_Workspaces\ws1\STM32F4xx_drivers\STM32F446RETX_FLASH.ld" --specs=nosys.specs -Wl,-Map="STM32F4xx_drivers.map" -Wl,--gc-sections -static --specs=nano.specs -mfloat-abi=soft -mthumb -Wl,--start-group -lc -lm -Wl,--end-group
Finished building target: STM32F4xx_drivers.elf
 
arm-none-eabi-size   STM32F4xx_drivers.elf 
arm-none-eabi-objdump -h -S  STM32F4xx_drivers.elf  > "STM32F4xx_drivers.list"
arm-none-eabi-objcopy  -O binary  STM32F4xx_drivers.elf  "STM32F4xx_drivers.bin"
   text	   data	    bss	    dec	    hex	filename
    704	      8	   1568	   2280	    8e8	STM32F4xx_drivers.elf
Finished building: default.size.stdout
 
Finished building: STM32F4xx_drivers.list
 
Finished building: STM32F4xx_drivers.bin
 

23:47:30 Build Finished. 0 errors, 2 warnings. (took 1s.2ms)

